### § Partitions.

[ch06s04.htm](https://rh.schelcol.ru/curse%202/ch06s04.html)
<br/> [cheat.sh/parted](https://cheat.sh/parted)
<br/> [cheat.sh/fdisk](https://cheat.sh/fdisk)
<br/> [man/mkfs.xfs](https://manned.org/man/mkfs.xfs)
<br/> [cheat.sh/mkfs.exfat](https://cheat.sh/mkfs.exfat)
<br/> [cheat.sh/lsblk](https://cheat.sh/lsblk)
<br/> [cheat.sh/blkid](https://cheat.sh/blkid)

#### § Создание разделов.

- Посмотреть все блочные у-ва (&#x1F53C;).
    <br/> `lsblk -pf {-ps|-sf}`
    ```bash
    [root@servera ~]# lsblk -pf
    NAME               FSTYPE LABEL UUID                                 MOUNTPOINT
    /dev/vda
    ├─/dev/vda1
    ├─/dev/vda2        vfat         399C-0F7D                            /boot/efi
    └─/dev/vda3        xfs    root  3cd0d4ca-93f6-423b-a469-70ab2b10b667 /
    /dev/vdb
    /dev/vdc
    /dev/vdd
    └─/dev/mapper/vd01 xfs          6189efca-e273-4943-865d-0e2d7bbc1264
    ```
- Создать новую метку **msdos** на диске **/dev/vdb** и подготовить этот новый диск для таблицы разделов **MBR** {GPT}.
    <br/> `parted /dev/vdb mklabel msdos {gpt}`

- Создать основной раздел размером 1 ГБ. Для правильного выравнивания раздел начнётся с сектора 2048. Задать XFS в качестве типа файловой системы раздела.
    <br/> `parted /dev/vdb mkpart primary xfs 2048s 1001MB`
    - Создать основной раздел размером 2 ГБ для бекапа.
      <br/> `parted /dev/vdb mkpart backup xfs 2048s 2GB`
- Отобразить список разделов на /dev/vdb, чтобы проверить результат.
    <br/> `parted /dev/vdb print`
    ```c
    Model: Virtio Block Device (virtblk)
    Disk /dev/vdb: 5369MB
    Sector size (logical/physical): 512B/512B
    Partition Table: msdos
    Disk Flags:

    Number  Start   End     Size    Type     File system  Flags
     1      1049kB  1001MB  1000MB  primary
    ```
- Зарегистрировать новый раздел.
  <br/> `udevadm settle`
- Отформатировать новый раздел под файловую систему XFS.
      <br/> `mkfs.xfs /dev/vdb1`
    ```zsh
    [root@servera ~]# mkfs.xfs /dev/vdb1
    meta-data=/dev/vdb1              isize=512    agcount=4, agsize=61056 blks
             =                       sectsz=512   attr=2, projid32bit=1
             =                       crc=1        finobt=1, sparse=1, rmapbt=0
             =                       reflink=1
    data     =                       bsize=4096   blocks=244224, imaxpct=25
             =                       sunit=0      swidth=0 blks
    naming   =version 2              bsize=4096   ascii-ci=0, ftype=1
    log      =internal log           bsize=4096   blocks=1566, version=2
             =                       sectsz=512   sunit=0 blks, lazy-count=1
    realtime =none                   extsz=4096   blocks=0, rtextents=0
    ```
    
   Проверим UUID созданных блочных у-в.
  
    ```bash
    [root@servera ~]# lsblk -pf
    NAME               FSTYPE LABEL UUID                                 MOUNTPOINT
    /dev/vda
    ├─/dev/vda1
    ├─/dev/vda2        vfat         399C-0F7D                            /boot/efi
    └─/dev/vda3        xfs    root  3cd0d4ca-93f6-423b-a469-70ab2b10b667 /
    /dev/vdb
    └─/dev/vdb1        xfs          979c770c-0e0d-47bf-a6ed-d72102ddc12a
    /dev/vdc
    /dev/vdd
    └─/dev/mapper/vd01 xfs          6189efca-e273-4943-865d-0e2d7bbc1264
    ```
- Настроить монтирование новой файловой системы в директорию **/archive** на постоянной основе.
  <br/> `mkdir /archive`
  <br/> `lsblk --fs /dev/vdb`
    - Добавить запись в /etc/fstab
    - ```c
      UUID=3cd0d4ca-93f6-423b-a469-70ab2b10b667 /                       xfs     defaults        0 0
      UUID=399C-0F7D          /boot/efi               vfat    defaults,uid=0,gid=0,umask=077,shortname=winnt 0 2
      UUID=979c770c-0e0d-47bf-a6ed-d72102ddc12a /archive xfs defaults  0 0
      ```
- Обновить systemd, чтобы система зарегистрировала новую конфигурацию /etc/fstab.
  <br/> `systemctl daemon-reload`
- Смонтировать новую файловую систему, используя запись, добавленную в /etc/fstab.
  <br/> `mount /archive`
- Убедиться, что новая файловая система смонтирована в /archive.
  ```bash
  [root@servera ~]# mount | grep /archive
  /dev/vdb1 on /archive type xfs (rw,relatime,seclabel,attr2,inode64,noquota)
  ```
<br/>

#### § Создание swap.
- Смотрим состояние блочных у-в.
  <br/> `lsblk -pf`
  <br/> `parted /dev/vdb print`
  <br/> на диске уже есть таблица разделов GPT. Кроме того, на диске уже есть раздел размером 1 ГБ.
    ```с
        Model: Virtio Block Device (virtblk)
        Disk /dev/vdb: 5369MB
        Sector size (logical/physical): 512B/512B
        Partition Table: gpt
        Disk Flags:

        Number  Start   End     Size    File system  Name  Flags
         1      1049kB  1001MB  1000MB               data
    ```
- Создать раздел 500 МБ командой **parted** с именем ***myswap***, т.к. диск уже использует таблицу разделов GPT. Начальная метка 1001 МБ, конечная - 1501 МБ.
  <br/> `parted /dev/vdb mkpart myswap linux-swap 1001MB 1501MB`
- Снова отобразим список разделов на /dev/vdb, чтобы проверить результат.
    ```bash
        [root@servera ~]# parted /dev/vdb print
        Model: Virtio Block Device (virtblk)
        Disk /dev/vdb: 5369MB
        Sector size (logical/physical): 512B/512B
        Partition Table: gpt
        Disk Flags:

        Number  Start   End     Size    File system  Name    Flags
         1      1049kB  1001MB  1000MB               data
         2      1001MB  1501MB  499MB                myswap  swap
    ```
- Инициализировать созданный раздел как область подкачки.
  <br/> `mkswap /dev/vdb2`
  ```
  Setting up swapspace version 1, size = 476 MiB (499118080 bytes)
    no label, UUID=5fb49dd3-679f-4e5b-8965-805c7e0e06df
  ```
- Активировать созданную область подкачки.
  <br/> `swapon --show`
  <br/> `swapon /dev/vdb2` и снова `swapon --show`
    ```с
    [root@servera ~]# swapon --show
    [root@servera ~]# swapon /dev/vdb2
    [root@servera ~]# swapon --show
    NAME      TYPE      SIZE USED PRIO
    /dev/vdb2 partition 476M   0B   -2
    ```
- Отключите область подкачки.
  <br/> `swapoff /dev/vdb2`
  <br/> `swapon --show`
- Настроить включение новой области подкачки при загрузке системы.
  <br/> `lsblk --fs /dev/vdb2` => ***UUID=5fb49dd3-679f-4e5b-8965-805c7e0e06df***
- Добавить запись в файл /etc/fstab: `UUID=5fb49dd3-679f-4e5b-8965-805c7e0e06df       swap  swap  defaults  0 0`
- Обновить systemd, чтобы система зарегистрировала новую конфигурацию /etc/fstab.
  <br/> `systemctl daemon-reload`
- Включить область записи, используя запись, которую вы только что добавили в файл /etc/fstab.
  <br/> `swapon -a {-s}` и `swapon --show`
- Проверить UUID блочных у-в.
   <br/> `blkid`
    ```c
    /dev/vda1: PARTUUID="213c5a2b-c8d5-49b0-9d3d-0ead758830ab"
    /dev/vda2: SEC_TYPE="msdos" UUID="399C-0F7D" TYPE="vfat" PARTUUID="8a5f8dfc-17be-4e20-a1a0-5043b1a4bd85"
    /dev/vda3: LABEL="root" UUID="3cd0d4ca-93f6-423b-a469-70ab2b10b667" TYPE="xfs" PARTUUID="ba8a851d-03b4-4961-b240-c7265cff8fde"
    /dev/vdb1: PARTLABEL="data" PARTUUID="b92b745b-22c4-4c53-93da-298b8433d70f"
    /dev/vdb2: UUID="5fb49dd3-679f-4e5b-8965-805c7e0e06df" TYPE="swap" PARTLABEL="myswap" PARTUUID="5e31facd-6edc-4b4c-884d-e67e9536abb6"
    ```
Альтернативно создать SWAP в файле: `dd if=/dev/zero of=swap bs=1000 count=100000`






