### § LVM
<br/> [man fdisk](https://manned.org/man/fdisk)
<br/> [cht.sh/fdisk](https://cheat.sh/fdisk)
<br/> [cht.sh/parted](https://cheat.sh/parted)

Определения системы управления логическими томами (LVM)

**Физические устройства** — это запоминающие устройства, которые используются для хранения данных логического тома. Это могут быть блочные устройства, разделы диска, целые диски, массивы RAID или диски SAN. Устройство должно быть инициализировано как физический том системы LVM, чтобы его можно было использовать с этой системой. Все устройство будет использоваться как физический том.

**Физические тома** — это базовое «физическое» хранилище, используемое с LVM. Необходимо инициализировать устройство как физический том, прежде чем использовать его в системе LVM. Утилиты LVM сегментируют физические тома на физические экстенты — небольшие фрагменты данных, которые выступают в роли наименьших блоков хранения в физическом томе.

**Группы томов** — это пулы хранения данных, включающие один или несколько физических томов. Это функциональный эквивалент целого диска в базовом хранилище. Физический том может входить только в одну группу томов. Группа томов может состоять из неиспользованного пространства и любого количества логических томов.

**Логические тома** создаются из свободных физических экстентов в группе томов и представляют собой устройства хранения, которые используются приложениями, пользователями и операционной системой. Логические тома представляют собой набор логических экстентов, которые сопоставляются с физическими экстентами — наименьшими блоками хранения в физическом томе. По умолчанию каждый логический экстент сопоставляется с одним физическим, но это можно изменить. Например, при зеркалировании каждый логический экстент сопоставляется с двумя физическими.

**Создание хранилища LVM.** 
Процедура создания хранилища LVM состоит из нескольких шагов. Первый шаг — определить, какие физические устройства будут использоваться. Выбранные устройства инициализируются как физические тома и распознаются как часть системы управления логическими томами (LVM). Затем физические тома объединяются в группу томов. Создается пул дискового пространства, из которого могут быть выделены логические тома. Логические тома, созданные из доступного пространства в группе томов, могут быть отформатированы под файловую систему, активированы как область подкачки и смонтированы или активированы на постоянной основе.

#### Разные утилиты отображают имя логического тома либо как обычное имя ($${\color{red}/dev/vgname/lvname}$$), либо как имя модуля сопоставления устройств ядра ($${\color{red}/dev/mapper/vgname-lvname}$$).
----------------------------------------------
На сервере serverb на логическом томе **serverb_01_lv**, подключенном по адресу **/storage/data1**, заканчивается место на диске, и требуется увеличить его размер до 768 МБ. Требуется убедиться, что serverb_01_lv остается постоянно подключенным к /storage/data1.

Вас также попросили создать новый логический том объемом 128 МБ с именем **serverb_02_lv**, подключенный к **/storage/data2**. Вам было предложено отформатировать новый логический том в файловой системе XFS.

Группа томов **serverb_01_vg** содержит логические тома. К сожалению, в ней недостаточно места для расширения существующего логического тома и добавления нового. Ранее в **/dev/vdb** был создан раздел объемом 512 Мб. Вам было предложено использовать дополнительные 512 МБ в /dev/vdb. Вы должны создать новый раздел.
```bash
[root@serverb ~]# lsblk -pf
NAME                                        FSTYPE      LABEL UUID                                   MOUNTPOINT
/dev/vda
├─/dev/vda1
├─/dev/vda2                                 vfat              399C-0F7D                              /boot/efi
└─/dev/vda3                                 xfs         root  3cd0d4ca-93f6-423b-a469-70ab2b10b667   /
/dev/vdb
└─/dev/vdb1                                 LVM2_member       dESNoE-gh8z-VQ48-Dba8-Y8Ms-jjZp-mlObx6
  └─/dev/mapper/serverb_01_vg-serverb_01_lv xfs               bcc47952-56db-4ed7-abc6-e95f0db8a471   /storage/data1
/dev/vdc
/dev/vdd
[root@serverb ~]# blkid
/dev/vda1: PARTUUID="213c5a2b-c8d5-49b0-9d3d-0ead758830ab"
/dev/vda2: SEC_TYPE="msdos" UUID="399C-0F7D" TYPE="vfat" PARTUUID="8a5f8dfc-17be-4e20-a1a0-5043b1a4bd85"
/dev/vda3: LABEL="root" UUID="3cd0d4ca-93f6-423b-a469-70ab2b10b667" TYPE="xfs" PARTUUID="ba8a851d-03b4-4961-b240-c7265cff8fde"
/dev/vdb1: UUID="dESNoE-gh8z-VQ48-Dba8-Y8Ms-jjZp-mlObx6" TYPE="LVM2_member" PARTLABEL="primary" PARTUUID="b35f83f3-c407-49e0-b169-2e382e8d5080"
/dev/mapper/serverb_01_vg-serverb_01_lv: UUID="bcc47952-56db-4ed7-abc6-e95f0db8a471" TYPE="xfs"
```

- Можно использовать утилиту **fdisk**
  <br/> **`fdisk /dev/vdb`**

  ```bash
  Command (m for help): p
  Disk /dev/vdb: 5 GiB, 5368709120 bytes, 10485760 sectors
  Units: sectors of 1 * 512 = 512 bytes
  Sector size (logical/physical): 512 bytes / 512 bytes
  I/O size (minimum/optimal): 512 bytes / 512 bytes
  Disklabel type: gpt
  Disk identifier: 2594E307-03E0-49C6-B743-4DEFF33634D2

  Device     Start     End Sectors  Size Type
  /dev/vdb1   2048 1050623 1048576  512M Linux LVM

  Command (m for help): i
  Selected partition 1
           Device: /dev/vdb1
            Start: 2048
              End: 1050623
          Sectors: 1048576
             Size: 512M
             Type: Linux LVM
        Type-UUID: E6D6D379-F507-44C2-A23C-238F2A3DF928
             UUID: B35F83F3-C407-49E0-B169-2E382E8D5080
             Name: primary

  Command (m for help): n
  Partition number (2-128, default 2):
  First sector (1050624-10485726, default 1050624):
  Last sector, +sectors or +size{K,M,G,T,P} (1050624-10485726, default 10485726):

  Created a new partition 2 of type 'Linux filesystem' and of size 4.5 GiB.

  [root@serverb ~]# lsblk -pf
  NAME                                        FSTYPE      LABEL UUID                                   MOUNTPOINT
  /dev/vda
  ├─/dev/vda1
  ├─/dev/vda2                                 vfat              399C-0F7D                              /boot/efi
  └─/dev/vda3                                 xfs         root  3cd0d4ca-93f6-423b-a469-70ab2b10b667   /
  /dev/vdb
  ├─/dev/vdb1                                 LVM2_member       dESNoE-gh8z-VQ48-Dba8-Y8Ms-jjZp-mlObx6
  │ └─/dev/mapper/serverb_01_vg-serverb_01_lv xfs               bcc47952-56db-4ed7-abc6-e95f0db8a471   /storage/data1
  └─/dev/vdb2
  /dev/vdc
  /dev/vdd
  ```

- Подвердить действия и создать PV
  ```bash
  [root@serverb ~]#  udevadm settle
  [root@serverb ~]# pvcreate /dev/vdb2
    Physical volume "/dev/vdb2" successfully created.
  [root@serverb ~]# lsblk -pf
  NAME                                        FSTYPE      LABEL UUID                                   MOUNTPOINT
  /dev/vda
  ├─/dev/vda1
  ├─/dev/vda2                                 vfat              399C-0F7D                              /boot/efi
  └─/dev/vda3                                 xfs         root  3cd0d4ca-93f6-423b-a469-70ab2b10b667   /
  /dev/vdb
  ├─/dev/vdb1                                 LVM2_member       dESNoE-gh8z-VQ48-Dba8-Y8Ms-jjZp-mlObx6
  │ └─/dev/mapper/serverb_01_vg-serverb_01_lv xfs               bcc47952-56db-4ed7-abc6-e95f0db8a471   /storage/data1
  └─/dev/vdb2                                 LVM2_member       9ogafs-en3J-oapG-Yr8y-xhCB-K54f-GikR0T
  /dev/vdc
  /dev/vdd
  ```

- Расширить VG, назвав serverb_01_vg; расширить LV с названием serverb_01_lv до  768 MiB.
  ```bash
  [root@serverb ~]# vgextend serverb_01_vg /dev/vdb2
    Volume group "serverb_01_vg" successfully extended
  [root@serverb ~]# lvextend -L 768M /dev/serverb_01_vg/serverb_01_lv
    Size of logical volume serverb_01_vg/serverb_01_lv changed from 256.00 MiB (64 extents) to 768.00 MiB (192 extents).
    Logical volume serverb_01_vg/serverb_01_lv successfully resized.
  ```
    - Альтернативно можно прописать `-L +512M`

- Раширить XFS файловую систему.
  <br/> `xfs_growfs /storage/data1`
- В существующей VG создать новый том (volume) с именем **serverb_02_lv**, размером 128 MiB; добавить файловую систему XFS и постоянно монтируйте ее в **/storage/data2**
  <br/> `lvcreate -n serverb_02_lv -L 128M serverb_01_vg`
- Используйте mkfs для размещения файловой системы xfs на сервере **serverb_02_lv** LV. Используйте имя устройства LV
  <br/> `mkfs -t xfs /dev/serverb_01_vg/serverb_02_lv`
- Создать директорию **/storage/data2** для монтирования и зафиксировать всё в **/etc/fstab**
  ```vim
  UUID=3cd0d4ca-93f6-423b-a469-70ab2b10b667 /                       xfs     defaults        0 0
  UUID=399C-0F7D          /boot/efi               vfat    defaults,uid=0,gid=0,umask=077,shortname=winnt 0 2
  /dev/serverb_01_vg/serverb_01_lv /storage/data1 xfs defaults 1 2
  /dev/serverb_01_vg/serverb_02_lv /storage/data2 xfs defaults 1 2
  ```
- Перезагрузить демоны и проверить монтирование в /etc/fstab
  ```bash
  [root@serverb ~]# systemctl daemon-reload
  [root@serverb ~]# mount /storage/data2
    mount: /storage/data2: /dev/mapper/serverb_01_vg-serverb_02_lv already mounted on /storage/data2.
  [root@serverb ~]# blkid /dev/vdb2 ; blkid /dev/vdb
  /dev/vdb2: UUID="9ogafs-en3J-oapG-Yr8y-xhCB-K54f-GikR0T" TYPE="LVM2_member" PARTUUID="7c586782-303c-0e49-9044-93c08d70f54c"
  /dev/vdb: PTUUID="2594e307-03e0-49c6-b743-4deff33634d2" PTTYPE="gpt"
  [root@serverb ~]# lsblk -pf
  NAME                                        FSTYPE      LABEL UUID                                   MOUNTPOINT
  /dev/vda
  ├─/dev/vda1
  ├─/dev/vda2                                 vfat              399C-0F7D                              /boot/efi
  └─/dev/vda3                                 xfs         root  3cd0d4ca-93f6-423b-a469-70ab2b10b667   /
  /dev/vdb
  ├─/dev/vdb1                                 LVM2_member       dESNoE-gh8z-VQ48-Dba8-Y8Ms-jjZp-mlObx6
  │ └─/dev/mapper/serverb_01_vg-serverb_01_lv xfs               bcc47952-56db-4ed7-abc6-e95f0db8a471   /storage/data1
  └─/dev/vdb2                                 LVM2_member       9ogafs-en3J-oapG-Yr8y-xhCB-K54f-GikR0T
    ├─/dev/mapper/serverb_01_vg-serverb_01_lv xfs               bcc47952-56db-4ed7-abc6-e95f0db8a471   /storage/data1
    └─/dev/mapper/serverb_01_vg-serverb_02_lv xfs               6064308e-823b-4977-a095-76a9d5d677a8   /storage/data2
  /dev/vdc
  /dev/vdd
  ```
----------------------------------------------

- Можно использовать утилиту **parted**
  ```bash
  [root@serverb ~]# parted -s /dev/vdb mkpart primary 514MiB 1026MiB
  [root@serverb ~]# parted -s /dev/vdb set 2 lvm on
  [root@serverb ~]#  udevadm settle
  [root@serverb ~]# lsblk -pf
  NAME                                        FSTYPE      LABEL UUID                                   MOUNTPOINT
  /dev/vda
  ├─/dev/vda1
  ├─/dev/vda2                                 vfat              399C-0F7D                              /boot/efi
  └─/dev/vda3                                 xfs         root  3cd0d4ca-93f6-423b-a469-70ab2b10b667   /
  /dev/vdb
  ├─/dev/vdb1                                 LVM2_member       GhaXOp-R6mj-wJqh-qBts-vhlK-jg3j-sY0ctX
  │ └─/dev/mapper/serverb_01_vg-serverb_01_lv xfs               dfd4702e-9f5f-43f4-ab12-e6b7fdcc9de9   /storage/data1
  └─/dev/vdb2
  /dev/vdc
  /dev/vdd
  ```
  
  ```bash
  [root@serverb ~]# pvcreate /dev/vdb2
  Physical volume "/dev/vdb2" successfully created.
  [root@serverb ~]# vgextend serverb_01_vg /dev/vdb2
    Volume group "serverb_01_vg" successfully extended
  [root@serverb ~]# lsblk -pf
  NAME                                        FSTYPE      LABEL UUID                                   MOUNTPOINT
  /dev/vda
  ├─/dev/vda1
  ├─/dev/vda2                                 vfat              399C-0F7D                              /boot/efi
  └─/dev/vda3                                 xfs         root  3cd0d4ca-93f6-423b-a469-70ab2b10b667   /
  /dev/vdb
  ├─/dev/vdb1                                 LVM2_member       GhaXOp-R6mj-wJqh-qBts-vhlK-jg3j-sY0ctX
  │ └─/dev/mapper/serverb_01_vg-serverb_01_lv xfs               dfd4702e-9f5f-43f4-ab12-e6b7fdcc9de9   /storage/data1
  └─/dev/vdb2                                 LVM2_member       ykvSyn-3ots-qdBd-4APG-tRLf-qAUQ-4sbc2Y
  /dev/vdc
  /dev/vdd
  ```

  ```bash
  [root@serverb ~]# lvextend -L +512M /dev/serverb_01_vg/serverb_01_lv
  Size of logical volume serverb_01_vg/serverb_01_lv changed from 256.00 MiB (64 extents) to 768.00 MiB (192 extents).
  Logical volume serverb_01_vg/serverb_01_lv successfully resized.
  [root@serverb ~]#  xfs_growfs /storage/data1
  meta-data=/dev/mapper/serverb_01_vg-serverb_01_lv isize=512    agcount=4, agsize=16384 blks
           =                       sectsz=512   attr=2, projid32bit=1
           =                       crc=1        finobt=1, sparse=1, rmapbt=0
           =                       reflink=1
  data     =                       bsize=4096   blocks=65536, imaxpct=25
           =                       sunit=0      swidth=0 blks
  naming   =version 2              bsize=4096   ascii-ci=0, ftype=1
  log      =internal log           bsize=4096   blocks=1368, version=2
           =                       sectsz=512   sunit=0 blks, lazy-count=1
  realtime =none                   extsz=4096   blocks=0, rtextents=0
  data blocks changed from 65536 to 196608
  [root@serverb ~]# lvcreate -n serverb_02_lv -L 128M serverb_01_vg
    Logical volume "serverb_02_lv" created.
  [root@serverb ~]# mkfs -t xfs /dev/serverb_01_vg/serverb_02_lv
  meta-data=/dev/serverb_01_vg/serverb_02_lv isize=512    agcount=4, agsize=8192 blks
           =                       sectsz=512   attr=2, projid32bit=1
           =                       crc=1        finobt=1, sparse=1, rmapbt=0
           =                       reflink=1
  data     =                       bsize=4096   blocks=32768, imaxpct=25
           =                       sunit=0      swidth=0 blks
  naming   =version 2              bsize=4096   ascii-ci=0, ftype=1
  log      =internal log           bsize=4096   blocks=1368, version=2
           =                       sectsz=512   sunit=0 blks, lazy-count=1
  realtime =none                   extsz=4096   blocks=0, rtextents=0
  ```

  ```bash
  [root@serverb ~]# systemctl daemon-reload
  [root@serverb ~]# mount /storage/data2
  ```




